
> kholakoh_sistem@1.0.0 dev
> tsx watch index.ts

Server running on port 3000
10:06:42 AM [tsx] change in ./src/repositories/absensi.repository.ts Rerunning...
cServer running on port 3000
10:10:44 AM [tsx] change in ./src/repositories/absensi.repository.ts Restarting...
cnode:internal/modules/run_main:123
    triggerUncaughtException(
    ^

Error: Transform failed with 1 error:
/home/lexx/Documents/kholakoh_sistem/src/repositories/absensi.repository.ts:9:47: ERROR: Expected ")" but found "}"
    at failureErrorWithLog (/home/lexx/Documents/kholakoh_sistem/node_modules/esbuild/lib/main.js:1467:15)
    at /home/lexx/Documents/kholakoh_sistem/node_modules/esbuild/lib/main.js:736:50
    at responseCallbacks.<computed> (/home/lexx/Documents/kholakoh_sistem/node_modules/esbuild/lib/main.js:603:9)
    at handleIncomingPacket (/home/lexx/Documents/kholakoh_sistem/node_modules/esbuild/lib/main.js:658:12)
    at Socket.readFromStdout (/hnode:internal/modules/run_main:123
    triggerUncaughtException(
    ^

Error: Transform failed with 1 error:
/home/lexx/Documents/kholakoh_sistem/src/repositories/absensi.repository.ts:9:47: ERROR: Expected ")" but found "}"
    at failureErrorWithLog (/home/lexx/Documents/kholakoh_sistem/node_modules/esbuild/lib/main.js:1467:15)
    at /home/lexx/Documents/kholakoh_sistem/node_modules/esbuild/lib/main.js:736:50
    10:10:45 AM [tsx] change in ./src/repositories/absensi.repository.ts Rerunning...
c10:10:46 AM [tsx] change in ./src/repositories/absensi.repository.ts Restarting...
Server running on port 3000
cServer running on port 3000
ocket.readFromStdout (/home/lexx/Documents/kholakoh_sistem/node_modules/esbuild/lib/main.js:581:7)
    at Socket.emit (node:events:524:28)
    at addChunk (node:internal/streams/readable:561:12)
    at readableAddChunkPushByteMode (node:internal/streams/readable:512:3)
    at Readable.push (node:internal/streams/readable:392:5)
    at Pipe.onStreamRead (node:internal/stream_base_commons:191:23) {
  name: 'TransformError'
}

Node.js v20.19.5
10:10:45 AM [tsx] change in ./src/repositories/absensi.repository.ts Rerunning...
c10:10:46 AM [tsx] change in ./src/repositories/absensi.repository.ts Restarting...
Server running on port 3000
cServer running on port 3000
